2026-06-04 10:03:28.049 [main] INFO  c.s.booking.StayNestApplication - Starting StayNestApplication using Java 17.0.12 with PID 24184 (C:\Users\vikra.VIGNESHXBS-HP\eclipse-workspace\staynest-backend\target\classes started by vikra in C:\Users\vikra.VIGNESHXBS-HP\eclipse-workspace\staynest-backend)
2026-06-04 10:03:28.057 [main] DEBUG c.s.booking.StayNestApplication - Running with Spring Boot v3.2.0, Spring v6.1.1
2026-06-04 10:03:28.060 [main] INFO  c.s.booking.StayNestApplication - No active profile set, falling back to 1 default profile: "default"
2026-06-04 10:03:30.159 [main] INFO  o.s.d.r.c.RepositoryConfigurationDelegate - Bootstrapping Spring Data JPA repositories in DEFAULT mode.
2026-06-04 10:03:30.298 [main] INFO  o.s.d.r.c.RepositoryConfigurationDelegate - Finished Spring Data repository scanning in 118 ms. Found 5 JPA repository interfaces.
2026-06-04 10:03:31.274 [main] INFO  o.s.b.w.e.tomcat.TomcatWebServer - Tomcat initialized with port 8080 (http)
2026-06-04 10:03:31.303 [main] INFO  o.a.catalina.core.StandardService - Starting service [Tomcat]
2026-06-04 10:03:31.303 [main] INFO  o.a.catalina.core.StandardEngine - Starting Servlet engine: [Apache Tomcat/10.1.16]
2026-06-04 10:03:31.443 [main] INFO  o.a.c.c.C.[.[localhost].[/api/v1] - Initializing Spring embedded WebApplicationContext
2026-06-04 10:03:31.448 [main] INFO  o.s.b.w.s.c.ServletWebServerApplicationContext - Root WebApplicationContext: initialization completed in 3233 ms
2026-06-04 10:03:31.726 [main] INFO  o.h.jpa.internal.util.LogHelper - HHH000204: Processing PersistenceUnitInfo [name: default]
2026-06-04 10:03:31.869 [main] INFO  org.hibernate.Version - HHH000412: Hibernate ORM core version 6.3.1.Final
2026-06-04 10:03:31.967 [main] INFO  o.h.c.i.RegionFactoryInitiator - HHH000026: Second-level cache disabled
2026-06-04 10:03:32.443 [main] INFO  o.s.o.j.p.SpringPersistenceUnitInfo - No LoadTimeWeaver setup: ignoring JPA class transformer
2026-06-04 10:03:32.499 [main] INFO  com.zaxxer.hikari.HikariDataSource - HikariPool-1 - Starting...
2026-06-04 10:03:33.878 [main] ERROR com.zaxxer.hikari.pool.HikariPool - HikariPool-1 - Exception during pool initialization.
java.sql.SQLException: Access denied for user 'root'@'localhost' (using password: YES)
	at com.mysql.cj.jdbc.exceptions.SQLError.createSQLException(SQLError.java:130)
	at com.mysql.cj.jdbc.exceptions.SQLExceptionsMapping.translateException(SQLExceptionsMapping.java:122)
	at com.mysql.cj.jdbc.ConnectionImpl.createNewIO(ConnectionImpl.java:819)
	at com.mysql.cj.jdbc.ConnectionImpl.<init>(ConnectionImpl.java:440)
	at com.mysql.cj.jdbc.ConnectionImpl.getInstance(ConnectionImpl.java:239)
	at com.mysql.cj.jdbc.NonRegisteringDriver.connect(NonRegisteringDriver.java:188)
	at com.zaxxer.hikari.util.DriverDataSource.getConnection(DriverDataSource.java:138)
	at com.zaxxer.hikari.pool.PoolBase.newConnection(PoolBase.java:359)
	at com.zaxxer.hikari.pool.PoolBase.newPoolEntry(PoolBase.java:201)
	at com.zaxxer.hikari.pool.HikariPool.createPoolEntry(HikariPool.java:470)
	at com.zaxxer.hikari.pool.HikariPool.checkFailFast(HikariPool.java:561)
	at com.zaxxer.hikari.pool.HikariPool.<init>(HikariPool.java:100)
	at com.zaxxer.hikari.HikariDataSource.getConnection(HikariDataSource.java:112)
	at org.hibernate.engine.jdbc.connections.internal.DatasourceConnectionProviderImpl.getConnection(DatasourceConnectionProviderImpl.java:122)
	at org.hibernate.engine.jdbc.env.internal.JdbcEnvironmentInitiator$ConnectionProviderJdbcConnectionAccess.obtainConnection(JdbcEnvironmentInitiator.java:424)
	at org.hibernate.resource.transaction.backend.jdbc.internal.JdbcIsolationDelegate.delegateWork(JdbcIsolationDelegate.java:61)
	at org.hibernate.engine.jdbc.env.internal.JdbcEnvironmentInitiator.getJdbcEnvironmentUsingJdbcMetadata(JdbcEnvironmentInitiator.java:273)
	at org.hibernate.engine.jdbc.env.internal.JdbcEnvironmentInitiator.initiateService(JdbcEnvironmentInitiator.java:105)
	at org.hibernate.engine.jdbc.env.internal.JdbcEnvironmentInitiator.initiateService(JdbcEnvironmentInitiator.java:66)
	at org.hibernate.boot.registry.internal.StandardServiceRegistryImpl.initiateService(StandardServiceRegistryImpl.java:129)
	at org.hibernate.service.internal.AbstractServiceRegistryImpl.createService(AbstractServiceRegistryImpl.java:263)
	at org.hibernate.service.internal.AbstractServiceRegistryImpl.initializeService(AbstractServiceRegistryImpl.java:238)
	at org.hibernate.service.internal.AbstractServiceRegistryImpl.getService(AbstractServiceRegistryImpl.java:215)
	at org.hibernate.boot.model.relational.Database.<init>(Database.java:45)
	at org.hibernate.boot.internal.InFlightMetadataCollectorImpl.getDatabase(InFlightMetadataCollectorImpl.java:223)
	at org.hibernate.boot.internal.InFlightMetadataCollectorImpl.<init>(InFlightMetadataCollectorImpl.java:191)
	at org.hibernate.boot.model.process.spi.MetadataBuildingProcess.complete(MetadataBuildingProcess.java:169)
	at org.hibernate.jpa.boot.internal.EntityManagerFactoryBuilderImpl.metadata(EntityManagerFactoryBuilderImpl.java:1432)
	at org.hibernate.jpa.boot.internal.EntityManagerFactoryBuilderImpl.build(EntityManagerFactoryBuilderImpl.java:1503)
	at org.springframework.orm.jpa.vendor.SpringHibernateJpaPersistenceProvider.createContainerEntityManagerFactory(SpringHibernateJpaPersistenceProvider.java:75)
	at org.springframework.orm.jpa.LocalContainerEntityManagerFactoryBean.createNativeEntityManagerFactory(LocalContainerEntityManagerFactoryBean.java:376)
	at org.springframework.orm.jpa.AbstractEntityManagerFactoryBean.buildNativeEntityManagerFactory(AbstractEntityManagerFactoryBean.java:409)
	at org.springframework.orm.jpa.AbstractEntityManagerFactoryBean.afterPropertiesSet(AbstractEntityManagerFactoryBean.java:396)
	at org.springframework.orm.jpa.LocalContainerEntityManagerFactoryBean.afterPropertiesSet(LocalContainerEntityManagerFactoryBean.java:352)
	at org.springframework.beans.factory.support.AbstractAutowireCapableBeanFactory.invokeInitMethods(AbstractAutowireCapableBeanFactory.java:1822)
	at org.springframework.beans.factory.support.AbstractAutowireCapableBeanFactory.initializeBean(AbstractAutowireCapableBeanFactory.java:1771)
	at org.springframework.beans.factory.support.AbstractAutowireCapableBeanFactory.doCreateBean(AbstractAutowireCapableBeanFactory.java:601)
	at org.springframework.beans.factory.support.AbstractAutowireCapableBeanFactory.createBean(AbstractAutowireCapableBeanFactory.java:523)
	at org.springframework.beans.factory.support.AbstractBeanFactory.lambda$doGetBean$0(AbstractBeanFactory.java:325)
	at org.springframework.beans.factory.support.DefaultSingletonBeanRegistry.getSingleton(DefaultSingletonBeanRegistry.java:234)
	at org.springframework.beans.factory.support.AbstractBeanFactory.doGetBean(AbstractBeanFactory.java:323)
	at org.springframework.beans.factory.support.AbstractBeanFactory.getBean(AbstractBeanFactory.java:199)
	at org.springframework.context.support.AbstractApplicationContext.getBean(AbstractApplicationContext.java:1173)
	at org.springframework.context.support.AbstractApplicationContext.finishBeanFactoryInitialization(AbstractApplicationContext.java:936)
	at org.springframework.context.support.AbstractApplicationContext.refresh(AbstractApplicationContext.java:616)
	at org.springframework.boot.web.servlet.context.ServletWebServerApplicationContext.refresh(ServletWebServerApplicationContext.java:146)
	at org.springframework.boot.SpringApplication.refresh(SpringApplication.java:753)
	at org.springframework.boot.SpringApplication.refreshContext(SpringApplication.java:455)
	at org.springframework.boot.SpringApplication.run(SpringApplication.java:323)
	at org.springframework.boot.SpringApplication.run(SpringApplication.java:1342)
	at org.springframework.boot.SpringApplication.run(SpringApplication.java:1331)
	at com.staynest.booking.StayNestApplication.main(StayNestApplication.java:9)
2026-06-04 10:03:33.883 [main] WARN  o.h.e.j.e.i.JdbcEnvironmentInitiator - HHH000342: Could not obtain connection to query metadata
java.lang.NullPointerException: Cannot invoke "org.hibernate.engine.jdbc.spi.SqlExceptionHelper.convert(java.sql.SQLException, String)" because the return value of "org.hibernate.resource.transaction.backend.jdbc.internal.JdbcIsolationDelegate.sqlExceptionHelper()" is null
	at org.hibernate.resource.transaction.backend.jdbc.internal.JdbcIsolationDelegate.delegateWork(JdbcIsolationDelegate.java:116)
	at org.hibernate.engine.jdbc.env.internal.JdbcEnvironmentInitiator.getJdbcEnvironmentUsingJdbcMetadata(JdbcEnvironmentInitiator.java:273)
	at org.hibernate.engine.jdbc.env.internal.JdbcEnvironmentInitiator.initiateService(JdbcEnvironmentInitiator.java:105)
	at org.hibernate.engine.jdbc.env.internal.JdbcEnvironmentInitiator.initiateService(JdbcEnvironmentInitiator.java:66)
	at org.hibernate.boot.registry.internal.StandardServiceRegistryImpl.initiateService(StandardServiceRegistryImpl.java:129)
	at org.hibernate.service.internal.AbstractServiceRegistryImpl.createService(AbstractServiceRegistryImpl.java:263)
	at org.hibernate.service.internal.AbstractServiceRegistryImpl.initializeService(AbstractServiceRegistryImpl.java:238)
	at org.hibernate.service.internal.AbstractServiceRegistryImpl.getService(AbstractServiceRegistryImpl.java:215)
	at org.hibernate.boot.model.relational.Database.<init>(Database.java:45)
	at org.hibernate.boot.internal.InFlightMetadataCollectorImpl.getDatabase(InFlightMetadataCollectorImpl.java:223)
	at org.hibernate.boot.internal.InFlightMetadataCollectorImpl.<init>(InFlightMetadataCollectorImpl.java:191)
	at org.hibernate.boot.model.process.spi.MetadataBuildingProcess.complete(MetadataBuildingProcess.java:169)
	at org.hibernate.jpa.boot.internal.EntityManagerFactoryBuilderImpl.metadata(EntityManagerFactoryBuilderImpl.java:1432)
	at org.hibernate.jpa.boot.internal.EntityManagerFactoryBuilderImpl.build(EntityManagerFactoryBuilderImpl.java:1503)
	at org.springframework.orm.jpa.vendor.SpringHibernateJpaPersistenceProvider.createContainerEntityManagerFactory(SpringHibernateJpaPersistenceProvider.java:75)
	at org.springframework.orm.jpa.LocalContainerEntityManagerFactoryBean.createNativeEntityManagerFactory(LocalContainerEntityManagerFactoryBean.java:376)
	at org.springframework.orm.jpa.AbstractEntityManagerFactoryBean.buildNativeEntityManagerFactory(AbstractEntityManagerFactoryBean.java:409)
	at org.springframework.orm.jpa.AbstractEntityManagerFactoryBean.afterPropertiesSet(AbstractEntityManagerFactoryBean.java:396)
	at org.springframework.orm.jpa.LocalContainerEntityManagerFactoryBean.afterPropertiesSet(LocalContainerEntityManagerFactoryBean.java:352)
	at org.springframework.beans.factory.support.AbstractAutowireCapableBeanFactory.invokeInitMethods(AbstractAutowireCapableBeanFactory.java:1822)
	at org.springframework.beans.factory.support.AbstractAutowireCapableBeanFactory.initializeBean(AbstractAutowireCapableBeanFactory.java:1771)
	at org.springframework.beans.factory.support.AbstractAutowireCapableBeanFactory.doCreateBean(AbstractAutowireCapableBeanFactory.java:601)
	at org.springframework.beans.factory.support.AbstractAutowireCapableBeanFactory.createBean(AbstractAutowireCapableBeanFactory.java:523)
	at org.springframework.beans.factory.support.AbstractBeanFactory.lambda$doGetBean$0(AbstractBeanFactory.java:325)
	at org.springframework.beans.factory.support.DefaultSingletonBeanRegistry.getSingleton(DefaultSingletonBeanRegistry.java:234)
	at org.springframework.beans.factory.support.AbstractBeanFactory.doGetBean(AbstractBeanFactory.java:323)
	at org.springframework.beans.factory.support.AbstractBeanFactory.getBean(AbstractBeanFactory.java:199)
	at org.springframework.context.support.AbstractApplicationContext.getBean(AbstractApplicationContext.java:1173)
	at org.springframework.context.support.AbstractApplicationContext.finishBeanFactoryInitialization(AbstractApplicationContext.java:936)
	at org.springframework.context.support.AbstractApplicationContext.refresh(AbstractApplicationContext.java:616)
	at org.springframework.boot.web.servlet.context.ServletWebServerApplicationContext.refresh(ServletWebServerApplicationContext.java:146)
	at org.springframework.boot.SpringApplication.refresh(SpringApplication.java:753)
	at org.springframework.boot.SpringApplication.refreshContext(SpringApplication.java:455)
	at org.springframework.boot.SpringApplication.run(SpringApplication.java:323)
	at org.springframework.boot.SpringApplication.run(SpringApplication.java:1342)
	at org.springframework.boot.SpringApplication.run(SpringApplication.java:1331)
	at com.staynest.booking.StayNestApplication.main(StayNestApplication.java:9)
2026-06-04 10:03:33.933 [main] WARN  org.hibernate.orm.deprecation - HHH90000025: MySQLDialect does not need to be specified explicitly using 'hibernate.dialect' (remove the property setting and it will be selected by default)
2026-06-04 10:03:35.352 [main] INFO  o.h.e.t.j.p.i.JtaPlatformInitiator - HHH000489: No JTA platform available (set 'hibernate.transaction.jta.platform' to enable JTA platform integration)
2026-06-04 10:03:35.385 [main] INFO  com.zaxxer.hikari.HikariDataSource - HikariPool-1 - Starting...
2026-06-04 10:03:36.413 [main] ERROR com.zaxxer.hikari.pool.HikariPool - HikariPool-1 - Exception during pool initialization.
java.sql.SQLException: Access denied for user 'root'@'localhost' (using password: YES)
	at com.mysql.cj.jdbc.exceptions.SQLError.createSQLException(SQLError.java:130)
	at com.mysql.cj.jdbc.exceptions.SQLExceptionsMapping.translateException(SQLExceptionsMapping.java:122)
	at com.mysql.cj.jdbc.ConnectionImpl.createNewIO(ConnectionImpl.java:819)
	at com.mysql.cj.jdbc.ConnectionImpl.<init>(ConnectionImpl.java:440)
	at com.mysql.cj.jdbc.ConnectionImpl.getInstance(ConnectionImpl.java:239)
	at com.mysql.cj.jdbc.NonRegisteringDriver.connect(NonRegisteringDriver.java:188)
	at com.zaxxer.hikari.util.DriverDataSource.getConnection(DriverDataSource.java:138)
	at com.zaxxer.hikari.pool.PoolBase.newConnection(PoolBase.java:359)
	at com.zaxxer.hikari.pool.PoolBase.newPoolEntry(PoolBase.java:201)
	at com.zaxxer.hikari.pool.HikariPool.createPoolEntry(HikariPool.java:470)
	at com.zaxxer.hikari.pool.HikariPool.checkFailFast(HikariPool.java:561)
	at com.zaxxer.hikari.pool.HikariPool.<init>(HikariPool.java:100)
	at com.zaxxer.hikari.HikariDataSource.getConnection(HikariDataSource.java:112)
	at org.hibernate.engine.jdbc.connections.internal.DatasourceConnectionProviderImpl.getConnection(DatasourceConnectionProviderImpl.java:122)
	at org.hibernate.engine.jdbc.env.internal.JdbcEnvironmentInitiator$ConnectionProviderJdbcConnectionAccess.obtainConnection(JdbcEnvironmentInitiator.java:424)
	at org.hibernate.resource.transaction.backend.jdbc.internal.DdlTransactionIsolatorNonJtaImpl.getIsolatedConnection(DdlTransactionIsolatorNonJtaImpl.java:46)
	at org.hibernate.resource.transaction.backend.jdbc.internal.DdlTransactionIsolatorNonJtaImpl.getIsolatedConnection(DdlTransactionIsolatorNonJtaImpl.java:39)
	at org.hibernate.tool.schema.internal.exec.ImprovedExtractionContextImpl.getJdbcConnection(ImprovedExtractionContextImpl.java:63)
	at org.hibernate.tool.schema.internal.exec.ImprovedExtractionContextImpl.getJdbcDatabaseMetaData(ImprovedExtractionContextImpl.java:70)
	at org.hibernate.tool.schema.extract.internal.InformationExtractorJdbcDatabaseMetaDataImpl.processTableResultSet(InformationExtractorJdbcDatabaseMetaDataImpl.java:64)
	at org.hibernate.tool.schema.extract.internal.AbstractInformationExtractorImpl.getTables(AbstractInformationExtractorImpl.java:570)
	at org.hibernate.tool.schema.extract.internal.DatabaseInformationImpl.getTablesInformation(DatabaseInformationImpl.java:122)
	at org.hibernate.tool.schema.internal.GroupedSchemaMigratorImpl.performTablesMigration(GroupedSchemaMigratorImpl.java:72)
	at org.hibernate.tool.schema.internal.AbstractSchemaMigrator.performMigration(AbstractSchemaMigrator.java:232)
	at org.hibernate.tool.schema.internal.AbstractSchemaMigrator.doMigration(AbstractSchemaMigrator.java:117)
	at org.hibernate.tool.schema.spi.SchemaManagementToolCoordinator.performDatabaseAction(SchemaManagementToolCoordinator.java:286)
	at org.hibernate.tool.schema.spi.SchemaManagementToolCoordinator.lambda$process$5(SchemaManagementToolCoordinator.java:145)
	at java.base/java.util.HashMap.forEach(HashMap.java:1421)
	at org.hibernate.tool.schema.spi.SchemaManagementToolCoordinator.process(SchemaManagementToolCoordinator.java:142)
	at org.hibernate.boot.internal.SessionFactoryObserverForSchemaExport.sessionFactoryCreated(SessionFactoryObserverForSchemaExport.java:37)
	at org.hibernate.internal.SessionFactoryObserverChain.sessionFactoryCreated(SessionFactoryObserverChain.java:35)
	at org.hibernate.internal.SessionFactoryImpl.<init>(SessionFactoryImpl.java:295)
	at org.hibernate.boot.internal.SessionFactoryBuilderImpl.build(SessionFactoryBuilderImpl.java:450)
	at org.hibernate.jpa.boot.internal.EntityManagerFactoryBuilderImpl.build(EntityManagerFactoryBuilderImpl.java:1507)
	at org.springframework.orm.jpa.vendor.SpringHibernateJpaPersistenceProvider.createContainerEntityManagerFactory(SpringHibernateJpaPersistenceProvider.java:75)
	at org.springframework.orm.jpa.LocalContainerEntityManagerFactoryBean.createNativeEntityManagerFactory(LocalContainerEntityManagerFactoryBean.java:376)
	at org.springframework.orm.jpa.AbstractEntityManagerFactoryBean.buildNativeEntityManagerFactory(AbstractEntityManagerFactoryBean.java:409)
	at org.springframework.orm.jpa.AbstractEntityManagerFactoryBean.afterPropertiesSet(AbstractEntityManagerFactoryBean.java:396)
	at org.springframework.orm.jpa.LocalContainerEntityManagerFactoryBean.afterPropertiesSet(LocalContainerEntityManagerFactoryBean.java:352)
	at org.springframework.beans.factory.support.AbstractAutowireCapableBeanFactory.invokeInitMethods(AbstractAutowireCapableBeanFactory.java:1822)
	at org.springframework.beans.factory.support.AbstractAutowireCapableBeanFactory.initializeBean(AbstractAutowireCapableBeanFactory.java:1771)
	at org.springframework.beans.factory.support.AbstractAutowireCapableBeanFactory.doCreateBean(AbstractAutowireCapableBeanFactory.java:601)
	at org.springframework.beans.factory.support.AbstractAutowireCapableBeanFactory.createBean(AbstractAutowireCapableBeanFactory.java:523)
	at org.springframework.beans.factory.support.AbstractBeanFactory.lambda$doGetBean$0(AbstractBeanFactory.java:325)
	at org.springframework.beans.factory.support.DefaultSingletonBeanRegistry.getSingleton(DefaultSingletonBeanRegistry.java:234)
	at org.springframework.beans.factory.support.AbstractBeanFactory.doGetBean(AbstractBeanFactory.java:323)
	at org.springframework.beans.factory.support.AbstractBeanFactory.getBean(AbstractBeanFactory.java:199)
	at org.springframework.context.support.AbstractApplicationContext.getBean(AbstractApplicationContext.java:1173)
	at org.springframework.context.support.AbstractApplicationContext.finishBeanFactoryInitialization(AbstractApplicationContext.java:936)
	at org.springframework.context.support.AbstractApplicationContext.refresh(AbstractApplicationContext.java:616)
	at org.springframework.boot.web.servlet.context.ServletWebServerApplicationContext.refresh(ServletWebServerApplicationContext.java:146)
	at org.springframework.boot.SpringApplication.refresh(SpringApplication.java:753)
	at org.springframework.boot.SpringApplication.refreshContext(SpringApplication.java:455)
	at org.springframework.boot.SpringApplication.run(SpringApplication.java:323)
	at org.springframework.boot.SpringApplication.run(SpringApplication.java:1342)
	at org.springframework.boot.SpringApplication.run(SpringApplication.java:1331)
	at com.staynest.booking.StayNestApplication.main(StayNestApplication.java:9)
2026-06-04 10:03:36.415 [main] WARN  o.h.e.jdbc.spi.SqlExceptionHelper - SQL Error: 1045, SQLState: 28000
2026-06-04 10:03:36.416 [main] ERROR o.h.e.jdbc.spi.SqlExceptionHelper - Access denied for user 'root'@'localhost' (using password: YES)
2026-06-04 10:03:36.427 [main] ERROR o.s.o.j.LocalContainerEntityManagerFactoryBean - Failed to initialize JPA EntityManagerFactory: [PersistenceUnit: default] Unable to build Hibernate SessionFactory; nested exception is org.hibernate.exception.GenericJDBCException: Unable to open JDBC Connection for DDL execution [Access denied for user 'root'@'localhost' (using password: YES)] [n/a]
2026-06-04 10:03:36.427 [main] WARN  o.s.b.w.s.c.AnnotationConfigServletWebServerApplicationContext - Exception encountered during context initialization - cancelling refresh attempt: org.springframework.beans.factory.BeanCreationException: Error creating bean with name 'entityManagerFactory' defined in class path resource [org/springframework/boot/autoconfigure/orm/jpa/HibernateJpaConfiguration.class]: [PersistenceUnit: default] Unable to build Hibernate SessionFactory; nested exception is org.hibernate.exception.GenericJDBCException: Unable to open JDBC Connection for DDL execution [Access denied for user 'root'@'localhost' (using password: YES)] [n/a]
2026-06-04 10:03:36.436 [main] INFO  o.a.catalina.core.StandardService - Stopping service [Tomcat]
2026-06-04 10:03:36.479 [main] INFO  o.s.b.a.l.ConditionEvaluationReportLogger - 

Error starting ApplicationContext. To display the condition evaluation report re-run your application with 'debug' enabled.
2026-06-04 10:03:36.531 [main] ERROR o.s.boot.SpringApplication - Application run failed
org.springframework.beans.factory.BeanCreationException: Error creating bean with name 'entityManagerFactory' defined in class path resource [org/springframework/boot/autoconfigure/orm/jpa/HibernateJpaConfiguration.class]: [PersistenceUnit: default] Unable to build Hibernate SessionFactory; nested exception is org.hibernate.exception.GenericJDBCException: Unable to open JDBC Connection for DDL execution [Access denied for user 'root'@'localhost' (using password: YES)] [n/a]
	at org.springframework.beans.factory.support.AbstractAutowireCapableBeanFactory.initializeBean(AbstractAutowireCapableBeanFactory.java:1775)
	at org.springframework.beans.factory.support.AbstractAutowireCapableBeanFactory.doCreateBean(AbstractAutowireCapableBeanFactory.java:601)
	at org.springframework.beans.factory.support.AbstractAutowireCapableBeanFactory.createBean(AbstractAutowireCapableBeanFactory.java:523)
	at org.springframework.beans.factory.support.AbstractBeanFactory.lambda$doGetBean$0(AbstractBeanFactory.java:325)
	at org.springframework.beans.factory.support.DefaultSingletonBeanRegistry.getSingleton(DefaultSingletonBeanRegistry.java:234)
	at org.springframework.beans.factory.support.AbstractBeanFactory.doGetBean(AbstractBeanFactory.java:323)
	at org.springframework.beans.factory.support.AbstractBeanFactory.getBean(AbstractBeanFactory.java:199)
	at org.springframework.context.support.AbstractApplicationContext.getBean(AbstractApplicationContext.java:1173)
	at org.springframework.context.support.AbstractApplicationContext.finishBeanFactoryInitialization(AbstractApplicationContext.java:936)
	at org.springframework.context.support.AbstractApplicationContext.refresh(AbstractApplicationContext.java:616)
	at org.springframework.boot.web.servlet.context.ServletWebServerApplicationContext.refresh(ServletWebServerApplicationContext.java:146)
	at org.springframework.boot.SpringApplication.refresh(SpringApplication.java:753)
	at org.springframework.boot.SpringApplication.refreshContext(SpringApplication.java:455)
	at org.springframework.boot.SpringApplication.run(SpringApplication.java:323)
	at org.springframework.boot.SpringApplication.run(SpringApplication.java:1342)
	at org.springframework.boot.SpringApplication.run(SpringApplication.java:1331)
	at com.staynest.booking.StayNestApplication.main(StayNestApplication.java:9)
Caused by: jakarta.persistence.PersistenceException: [PersistenceUnit: default] Unable to build Hibernate SessionFactory; nested exception is org.hibernate.exception.GenericJDBCException: Unable to open JDBC Connection for DDL execution [Access denied for user 'root'@'localhost' (using password: YES)] [n/a]
	at org.springframework.orm.jpa.AbstractEntityManagerFactoryBean.buildNativeEntityManagerFactory(AbstractEntityManagerFactoryBean.java:421)
	at org.springframework.orm.jpa.AbstractEntityManagerFactoryBean.afterPropertiesSet(AbstractEntityManagerFactoryBean.java:396)
	at org.springframework.orm.jpa.LocalContainerEntityManagerFactoryBean.afterPropertiesSet(LocalContainerEntityManagerFactoryBean.java:352)
	at org.springframework.beans.factory.support.AbstractAutowireCapableBeanFactory.invokeInitMethods(AbstractAutowireCapableBeanFactory.java:1822)
	at org.springframework.beans.factory.support.AbstractAutowireCapableBeanFactory.initializeBean(AbstractAutowireCapableBeanFactory.java:1771)
	... 16 common frames omitted
Caused by: org.hibernate.exception.GenericJDBCException: Unable to open JDBC Connection for DDL execution [Access denied for user 'root'@'localhost' (using password: YES)] [n/a]
	at org.hibernate.exception.internal.StandardSQLExceptionConverter.convert(StandardSQLExceptionConverter.java:63)
	at org.hibernate.engine.jdbc.spi.SqlExceptionHelper.convert(SqlExceptionHelper.java:108)
	at org.hibernate.engine.jdbc.spi.SqlExceptionHelper.convert(SqlExceptionHelper.java:94)
	at org.hibernate.resource.transaction.backend.jdbc.internal.DdlTransactionIsolatorNonJtaImpl.getIsolatedConnection(DdlTransactionIsolatorNonJtaImpl.java:74)
	at org.hibernate.resource.transaction.backend.jdbc.internal.DdlTransactionIsolatorNonJtaImpl.getIsolatedConnection(DdlTransactionIsolatorNonJtaImpl.java:39)
	at org.hibernate.tool.schema.internal.exec.ImprovedExtractionContextImpl.getJdbcConnection(ImprovedExtractionContextImpl.java:63)
	at org.hibernate.tool.schema.internal.exec.ImprovedExtractionContextImpl.getJdbcDatabaseMetaData(ImprovedExtractionContextImpl.java:70)
	at org.hibernate.tool.schema.extract.internal.InformationExtractorJdbcDatabaseMetaDataImpl.processTableResultSet(InformationExtractorJdbcDatabaseMetaDataImpl.java:64)
	at org.hibernate.tool.schema.extract.internal.AbstractInformationExtractorImpl.getTables(AbstractInformationExtractorImpl.java:570)
	at org.hibernate.tool.schema.extract.internal.DatabaseInformationImpl.getTablesInformation(DatabaseInformationImpl.java:122)
	at org.hibernate.tool.schema.internal.GroupedSchemaMigratorImpl.performTablesMigration(GroupedSchemaMigratorImpl.java:72)
	at org.hibernate.tool.schema.internal.AbstractSchemaMigrator.performMigration(AbstractSchemaMigrator.java:232)
	at org.hibernate.tool.schema.internal.AbstractSchemaMigrator.doMigration(AbstractSchemaMigrator.java:117)
	at org.hibernate.tool.schema.spi.SchemaManagementToolCoordinator.performDatabaseAction(SchemaManagementToolCoordinator.java:286)
	at org.hibernate.tool.schema.spi.SchemaManagementToolCoordinator.lambda$process$5(SchemaManagementToolCoordinator.java:145)
	at java.base/java.util.HashMap.forEach(HashMap.java:1421)
	at org.hibernate.tool.schema.spi.SchemaManagementToolCoordinator.process(SchemaManagementToolCoordinator.java:142)
	at org.hibernate.boot.internal.SessionFactoryObserverForSchemaExport.sessionFactoryCreated(SessionFactoryObserverForSchemaExport.java:37)
	at org.hibernate.internal.SessionFactoryObserverChain.sessionFactoryCreated(SessionFactoryObserverChain.java:35)
	at org.hibernate.internal.SessionFactoryImpl.<init>(SessionFactoryImpl.java:295)
	at org.hibernate.boot.internal.SessionFactoryBuilderImpl.build(SessionFactoryBuilderImpl.java:450)
	at org.hibernate.jpa.boot.internal.EntityManagerFactoryBuilderImpl.build(EntityManagerFactoryBuilderImpl.java:1507)
	at org.springframework.orm.jpa.vendor.SpringHibernateJpaPersistenceProvider.createContainerEntityManagerFactory(SpringHibernateJpaPersistenceProvider.java:75)
	at org.springframework.orm.jpa.LocalContainerEntityManagerFactoryBean.createNativeEntityManagerFactory(LocalContainerEntityManagerFactoryBean.java:376)
	at org.springframework.orm.jpa.AbstractEntityManagerFactoryBean.buildNativeEntityManagerFactory(AbstractEntityManagerFactoryBean.java:409)
	... 20 common frames omitted
Caused by: java.sql.SQLException: Access denied for user 'root'@'localhost' (using password: YES)
	at com.mysql.cj.jdbc.exceptions.SQLError.createSQLException(SQLError.java:130)
	at com.mysql.cj.jdbc.exceptions.SQLExceptionsMapping.translateException(SQLExceptionsMapping.java:122)
	at com.mysql.cj.jdbc.ConnectionImpl.createNewIO(ConnectionImpl.java:819)
	at com.mysql.cj.jdbc.ConnectionImpl.<init>(ConnectionImpl.java:440)
	at com.mysql.cj.jdbc.ConnectionImpl.getInstance(ConnectionImpl.java:239)
	at com.mysql.cj.jdbc.NonRegisteringDriver.connect(NonRegisteringDriver.java:188)
	at com.zaxxer.hikari.util.DriverDataSource.getConnection(DriverDataSource.java:138)
	at com.zaxxer.hikari.pool.PoolBase.newConnection(PoolBase.java:359)
	at com.zaxxer.hikari.pool.PoolBase.newPoolEntry(PoolBase.java:201)
	at com.zaxxer.hikari.pool.HikariPool.createPoolEntry(HikariPool.java:470)
	at com.zaxxer.hikari.pool.HikariPool.checkFailFast(HikariPool.java:561)
	at com.zaxxer.hikari.pool.HikariPool.<init>(HikariPool.java:100)
	at com.zaxxer.hikari.HikariDataSource.getConnection(HikariDataSource.java:112)
	at org.hibernate.engine.jdbc.connections.internal.DatasourceConnectionProviderImpl.getConnection(DatasourceConnectionProviderImpl.java:122)
	at org.hibernate.engine.jdbc.env.internal.JdbcEnvironmentInitiator$ConnectionProviderJdbcConnectionAccess.obtainConnection(JdbcEnvironmentInitiator.java:424)
	at org.hibernate.resource.transaction.backend.jdbc.internal.DdlTransactionIsolatorNonJtaImpl.getIsolatedConnection(DdlTransactionIsolatorNonJtaImpl.java:46)
	... 41 common frames omitted
2026-06-04 10:05:41.239 [main] INFO  c.s.booking.StayNestApplication - Starting StayNestApplication using Java 17.0.12 with PID 19888 (C:\Users\vikra.VIGNESHXBS-HP\eclipse-workspace\staynest-backend\target\classes started by vikra in C:\Users\vikra.VIGNESHXBS-HP\eclipse-workspace\staynest-backend)
2026-06-04 10:05:41.244 [main] DEBUG c.s.booking.StayNestApplication - Running with Spring Boot v3.2.0, Spring v6.1.1
2026-06-04 10:05:41.247 [main] INFO  c.s.booking.StayNestApplication - No active profile set, falling back to 1 default profile: "default"
2026-06-04 10:05:43.035 [main] INFO  o.s.d.r.c.RepositoryConfigurationDelegate - Bootstrapping Spring Data JPA repositories in DEFAULT mode.
2026-06-04 10:05:43.189 [main] INFO  o.s.d.r.c.RepositoryConfigurationDelegate - Finished Spring Data repository scanning in 137 ms. Found 5 JPA repository interfaces.
2026-06-04 10:05:44.143 [main] INFO  o.s.b.w.e.tomcat.TomcatWebServer - Tomcat initialized with port 8080 (http)
2026-06-04 10:05:44.163 [main] INFO  o.a.catalina.core.StandardService - Starting service [Tomcat]
2026-06-04 10:05:44.164 [main] INFO  o.a.catalina.core.StandardEngine - Starting Servlet engine: [Apache Tomcat/10.1.16]
2026-06-04 10:05:44.303 [main] INFO  o.a.c.c.C.[.[localhost].[/api/v1] - Initializing Spring embedded WebApplicationContext
2026-06-04 10:05:44.306 [main] INFO  o.s.b.w.s.c.ServletWebServerApplicationContext - Root WebApplicationContext: initialization completed in 2960 ms
2026-06-04 10:05:44.557 [main] INFO  o.h.jpa.internal.util.LogHelper - HHH000204: Processing PersistenceUnitInfo [name: default]
2026-06-04 10:05:44.671 [main] INFO  org.hibernate.Version - HHH000412: Hibernate ORM core version 6.3.1.Final
2026-06-04 10:05:44.770 [main] INFO  o.h.c.i.RegionFactoryInitiator - HHH000026: Second-level cache disabled
2026-06-04 10:05:45.187 [main] INFO  o.s.o.j.p.SpringPersistenceUnitInfo - No LoadTimeWeaver setup: ignoring JPA class transformer
2026-06-04 10:05:45.237 [main] INFO  com.zaxxer.hikari.HikariDataSource - HikariPool-1 - Starting...
2026-06-04 10:05:45.493 [main] INFO  com.zaxxer.hikari.pool.HikariPool - HikariPool-1 - Added connection com.mysql.cj.jdbc.ConnectionImpl@5464b97c
2026-06-04 10:05:45.497 [main] INFO  com.zaxxer.hikari.HikariDataSource - HikariPool-1 - Start completed.
2026-06-04 10:05:45.578 [main] WARN  org.hibernate.orm.deprecation - HHH90000025: MySQLDialect does not need to be specified explicitly using 'hibernate.dialect' (remove the property setting and it will be selected by default)
2026-06-04 10:05:46.973 [main] INFO  o.h.e.t.j.p.i.JtaPlatformInitiator - HHH000489: No JTA platform available (set 'hibernate.transaction.jta.platform' to enable JTA platform integration)
2026-06-04 10:05:47.046 [main] DEBUG org.hibernate.SQL - 
    alter table bookings 
       modify column status enum ('REQUESTED','CONFIRMED','CANCELLED','COMPLETED') not null
2026-06-04 10:05:47.153 [main] DEBUG org.hibernate.SQL - 
    alter table users 
       modify column role enum ('HOST','GUEST') not null
2026-06-04 10:05:47.359 [main] INFO  o.s.o.j.LocalContainerEntityManagerFactoryBean - Initialized JPA EntityManagerFactory for persistence unit 'default'
2026-06-04 10:05:48.055 [main] INFO  o.s.d.j.r.query.QueryEnhancerFactory - Hibernate is in classpath; If applicable, HQL parser will be used.
2026-06-04 10:05:48.891 [main] WARN  o.s.b.w.s.c.AnnotationConfigServletWebServerApplicationContext - Exception encountered during context initialization - cancelling refresh attempt: org.springframework.beans.factory.UnsatisfiedDependencyException: Error creating bean with name 'bookingController' defined in file [C:\Users\vikra.VIGNESHXBS-HP\eclipse-workspace\staynest-backend\target\classes\com\staynest\booking\controller\BookingController.class]: Unsatisfied dependency expressed through constructor parameter 0: Error creating bean with name 'bookingService' defined in file [C:\Users\vikra.VIGNESHXBS-HP\eclipse-workspace\staynest-backend\target\classes\com\staynest\booking\service\BookingService.class]: Unsatisfied dependency expressed through constructor parameter 0: Error creating bean with name 'bookingRepository' defined in com.staynest.booking.repository.BookingRepository defined in @EnableJpaRepositories declared on JpaRepositoriesRegistrar.EnableJpaRepositoriesConfiguration: Could not create query for public abstract java.util.List com.staynest.booking.repository.BookingRepository.findOverlappingBookings(java.lang.Long,java.time.LocalDate,java.time.LocalDate); Reason: Validation failed for query for method public abstract java.util.List com.staynest.booking.repository.BookingRepository.findOverlappingBookings(java.lang.Long,java.time.LocalDate,java.time.LocalDate)
2026-06-04 10:05:48.892 [main] INFO  o.s.o.j.LocalContainerEntityManagerFactoryBean - Closing JPA EntityManagerFactory for persistence unit 'default'
2026-06-04 10:05:48.898 [main] INFO  com.zaxxer.hikari.HikariDataSource - HikariPool-1 - Shutdown initiated...
2026-06-04 10:05:48.921 [main] INFO  com.zaxxer.hikari.HikariDataSource - HikariPool-1 - Shutdown completed.
2026-06-04 10:05:48.928 [main] INFO  o.a.catalina.core.StandardService - Stopping service [Tomcat]
2026-06-04 10:05:48.957 [main] INFO  o.s.b.a.l.ConditionEvaluationReportLogger - 

Error starting ApplicationContext. To display the condition evaluation report re-run your application with 'debug' enabled.
2026-06-04 10:05:48.994 [main] ERROR o.s.boot.SpringApplication - Application run failed
org.springframework.beans.factory.UnsatisfiedDependencyException: Error creating bean with name 'bookingController' defined in file [C:\Users\vikra.VIGNESHXBS-HP\eclipse-workspace\staynest-backend\target\classes\com\staynest\booking\controller\BookingController.class]: Unsatisfied dependency expressed through constructor parameter 0: Error creating bean with name 'bookingService' defined in file [C:\Users\vikra.VIGNESHXBS-HP\eclipse-workspace\staynest-backend\target\classes\com\staynest\booking\service\BookingService.class]: Unsatisfied dependency expressed through constructor parameter 0: Error creating bean with name 'bookingRepository' defined in com.staynest.booking.repository.BookingRepository defined in @EnableJpaRepositories declared on JpaRepositoriesRegistrar.EnableJpaRepositoriesConfiguration: Could not create query for public abstract java.util.List com.staynest.booking.repository.BookingRepository.findOverlappingBookings(java.lang.Long,java.time.LocalDate,java.time.LocalDate); Reason: Validation failed for query for method public abstract java.util.List com.staynest.booking.repository.BookingRepository.findOverlappingBookings(java.lang.Long,java.time.LocalDate,java.time.LocalDate)
	at org.springframework.beans.factory.support.ConstructorResolver.createArgumentArray(ConstructorResolver.java:802)
	at org.springframework.beans.factory.support.ConstructorResolver.autowireConstructor(ConstructorResolver.java:241)
	at org.springframework.beans.factory.support.AbstractAutowireCapableBeanFactory.autowireConstructor(AbstractAutowireCapableBeanFactory.java:1356)
	at org.springframework.beans.factory.support.AbstractAutowireCapableBeanFactory.createBeanInstance(AbstractAutowireCapableBeanFactory.java:1193)
	at org.springframework.beans.factory.support.AbstractAutowireCapableBeanFactory.doCreateBean(AbstractAutowireCapableBeanFactory.java:563)
	at org.springframework.beans.factory.support.AbstractAutowireCapableBeanFactory.createBean(AbstractAutowireCapableBeanFactory.java:523)
	at org.springframework.beans.factory.support.AbstractBeanFactory.lambda$doGetBean$0(AbstractBeanFactory.java:325)
	at org.springframework.beans.factory.support.DefaultSingletonBeanRegistry.getSingleton(DefaultSingletonBeanRegistry.java:234)
	at org.springframework.beans.factory.support.AbstractBeanFactory.doGetBean(AbstractBeanFactory.java:323)
	at org.springframework.beans.factory.support.AbstractBeanFactory.getBean(AbstractBeanFactory.java:199)
	at org.springframework.beans.factory.support.DefaultListableBeanFactory.preInstantiateSingletons(DefaultListableBeanFactory.java:973)
	at org.springframework.context.support.AbstractApplicationContext.finishBeanFactoryInitialization(AbstractApplicationContext.java:946)
	at org.springframework.context.support.AbstractApplicationContext.refresh(AbstractApplicationContext.java:616)
	at org.springframework.boot.web.servlet.context.ServletWebServerApplicationContext.refresh(ServletWebServerApplicationContext.java:146)
	at org.springframework.boot.SpringApplication.refresh(SpringApplication.java:753)
	at org.springframework.boot.SpringApplication.refreshContext(SpringApplication.java:455)
	at org.springframework.boot.SpringApplication.run(SpringApplication.java:323)
	at org.springframework.boot.SpringApplication.run(SpringApplication.java:1342)
	at org.springframework.boot.SpringApplication.run(SpringApplication.java:1331)
	at com.staynest.booking.StayNestApplication.main(StayNestApplication.java:9)
Caused by: org.springframework.beans.factory.UnsatisfiedDependencyException: Error creating bean with name 'bookingService' defined in file [C:\Users\vikra.VIGNESHXBS-HP\eclipse-workspace\staynest-backend\target\classes\com\staynest\booking\service\BookingService.class]: Unsatisfied dependency expressed through constructor parameter 0: Error creating bean with name 'bookingRepository' defined in com.staynest.booking.repository.BookingRepository defined in @EnableJpaRepositories declared on JpaRepositoriesRegistrar.EnableJpaRepositoriesConfiguration: Could not create query for public abstract java.util.List com.staynest.booking.repository.BookingRepository.findOverlappingBookings(java.lang.Long,java.time.LocalDate,java.time.LocalDate); Reason: Validation failed for query for method public abstract java.util.List com.staynest.booking.repository.BookingRepository.findOverlappingBookings(java.lang.Long,java.time.LocalDate,java.time.LocalDate)
	at org.springframework.beans.factory.support.ConstructorResolver.createArgumentArray(ConstructorResolver.java:802)
	at org.springframework.beans.factory.support.ConstructorResolver.autowireConstructor(ConstructorResolver.java:241)
	at org.springframework.beans.factory.support.AbstractAutowireCapableBeanFactory.autowireConstructor(AbstractAutowireCapableBeanFactory.java:1356)
	at org.springframework.beans.factory.support.AbstractAutowireCapableBeanFactory.createBeanInstance(AbstractAutowireCapableBeanFactory.java:1193)
	at org.springframework.beans.factory.support.AbstractAutowireCapableBeanFactory.doCreateBean(AbstractAutowireCapableBeanFactory.java:563)
	at org.springframework.beans.factory.support.AbstractAutowireCapableBeanFactory.createBean(AbstractAutowireCapableBeanFactory.java:523)
	at org.springframework.beans.factory.support.AbstractBeanFactory.lambda$doGetBean$0(AbstractBeanFactory.java:325)
	at org.springframework.beans.factory.support.DefaultSingletonBeanRegistry.getSingleton(DefaultSingletonBeanRegistry.java:234)
	at org.springframework.beans.factory.support.AbstractBeanFactory.doGetBean(AbstractBeanFactory.java:323)
	at org.springframework.beans.factory.support.AbstractBeanFactory.getBean(AbstractBeanFactory.java:199)
	at org.springframework.beans.factory.config.DependencyDescriptor.resolveCandidate(DependencyDescriptor.java:254)
	at org.springframework.beans.factory.support.DefaultListableBeanFactory.doResolveDependency(DefaultListableBeanFactory.java:1441)
	at org.springframework.beans.factory.support.DefaultListableBeanFactory.resolveDependency(DefaultListableBeanFactory.java:1348)
	at org.springframework.beans.factory.support.ConstructorResolver.resolveAutowiredArgument(ConstructorResolver.java:911)
	at org.springframework.beans.factory.support.ConstructorResolver.createArgumentArray(ConstructorResolver.java:789)
	... 19 common frames omitted
Caused by: org.springframework.beans.factory.BeanCreationException: Error creating bean with name 'bookingRepository' defined in com.staynest.booking.repository.BookingRepository defined in @EnableJpaRepositories declared on JpaRepositoriesRegistrar.EnableJpaRepositoriesConfiguration: Could not create query for public abstract java.util.List com.staynest.booking.repository.BookingRepository.findOverlappingBookings(java.lang.Long,java.time.LocalDate,java.time.LocalDate); Reason: Validation failed for query for method public abstract java.util.List com.staynest.booking.repository.BookingRepository.findOverlappingBookings(java.lang.Long,java.time.LocalDate,java.time.LocalDate)
	at org.springframework.beans.factory.support.AbstractAutowireCapableBeanFactory.initializeBean(AbstractAutowireCapableBeanFactory.java:1775)
	at org.springframework.beans.factory.support.AbstractAutowireCapableBeanFactory.doCreateBean(AbstractAutowireCapableBeanFactory.java:601)
	at org.springframework.beans.factory.support.AbstractAutowireCapableBeanFactory.createBean(AbstractAutowireCapableBeanFactory.java:523)
	at org.springframework.beans.factory.support.AbstractBeanFactory.lambda$doGetBean$0(AbstractBeanFactory.java:325)
	at org.springframework.beans.factory.support.DefaultSingletonBeanRegistry.getSingleton(DefaultSingletonBeanRegistry.java:234)
	at org.springframework.beans.factory.support.AbstractBeanFactory.doGetBean(AbstractBeanFactory.java:323)
	at org.springframework.beans.factory.support.AbstractBeanFactory.getBean(AbstractBeanFactory.java:199)
	at org.springframework.beans.factory.config.DependencyDescriptor.resolveCandidate(DependencyDescriptor.java:254)
	at org.springframework.beans.factory.support.DefaultListableBeanFactory.doResolveDependency(DefaultListableBeanFactory.java:1441)
	at org.springframework.beans.factory.support.DefaultListableBeanFactory.resolveDependency(DefaultListableBeanFactory.java:1348)
	at org.springframework.beans.factory.support.ConstructorResolver.resolveAutowiredArgument(ConstructorResolver.java:911)
	at org.springframework.beans.factory.support.ConstructorResolver.createArgumentArray(ConstructorResolver.java:789)
	... 33 common frames omitted
Caused by: org.springframework.data.repository.query.QueryCreationException: Could not create query for public abstract java.util.List com.staynest.booking.repository.BookingRepository.findOverlappingBookings(java.lang.Long,java.time.LocalDate,java.time.LocalDate); Reason: Validation failed for query for method public abstract java.util.List com.staynest.booking.repository.BookingRepository.findOverlappingBookings(java.lang.Long,java.time.LocalDate,java.time.LocalDate)
	at org.springframework.data.repository.query.QueryCreationException.create(QueryCreationException.java:101)
	at org.springframework.data.repository.core.support.QueryExecutorMethodInterceptor.lookupQuery(QueryExecutorMethodInterceptor.java:115)
	at org.springframework.data.repository.core.support.QueryExecutorMethodInterceptor.mapMethodsToQuery(QueryExecutorMethodInterceptor.java:99)
	at org.springframework.data.repository.core.support.QueryExecutorMethodInterceptor.lambda$new$0(QueryExecutorMethodInterceptor.java:88)
	at java.base/java.util.Optional.map(Optional.java:260)
	at org.springframework.data.repository.core.support.QueryExecutorMethodInterceptor.<init>(QueryExecutorMethodInterceptor.java:88)
	at org.springframework.data.repository.core.support.RepositoryFactorySupport.getRepository(RepositoryFactorySupport.java:357)
	at org.springframework.data.repository.core.support.RepositoryFactoryBeanSupport.lambda$afterPropertiesSet$5(RepositoryFactoryBeanSupport.java:279)
	at org.springframework.data.util.Lazy.getNullable(Lazy.java:135)
	at org.springframework.data.util.Lazy.get(Lazy.java:113)
	at org.springframework.data.repository.core.support.RepositoryFactoryBeanSupport.afterPropertiesSet(RepositoryFactoryBeanSupport.java:285)
	at org.springframework.data.jpa.repository.support.JpaRepositoryFactoryBean.afterPropertiesSet(JpaRepositoryFactoryBean.java:132)
	at org.springframework.beans.factory.support.AbstractAutowireCapableBeanFactory.invokeInitMethods(AbstractAutowireCapableBeanFactory.java:1822)
	at org.springframework.beans.factory.support.AbstractAutowireCapableBeanFactory.initializeBean(AbstractAutowireCapableBeanFactory.java:1771)
	... 44 common frames omitted
Caused by: java.lang.IllegalArgumentException: Validation failed for query for method public abstract java.util.List com.staynest.booking.repository.BookingRepository.findOverlappingBookings(java.lang.Long,java.time.LocalDate,java.time.LocalDate)
	at org.springframework.data.jpa.repository.query.SimpleJpaQuery.validateQuery(SimpleJpaQuery.java:100)
	at org.springframework.data.jpa.repository.query.SimpleJpaQuery.<init>(SimpleJpaQuery.java:70)
	at org.springframework.data.jpa.repository.query.JpaQueryFactory.fromMethodWithQueryString(JpaQueryFactory.java:60)
	at org.springframework.data.jpa.repository.query.JpaQueryLookupStrategy$DeclaredQueryLookupStrategy.resolveQuery(JpaQueryLookupStrategy.java:170)
	at org.springframework.data.jpa.repository.query.JpaQueryLookupStrategy$CreateIfNotFoundQueryLookupStrategy.resolveQuery(JpaQueryLookupStrategy.java:252)
	at org.springframework.data.jpa.repository.query.JpaQueryLookupStrategy$AbstractQueryLookupStrategy.resolveQuery(JpaQueryLookupStrategy.java:95)
	at org.springframework.data.repository.core.support.QueryExecutorMethodInterceptor.lookupQuery(QueryExecutorMethodInterceptor.java:111)
	... 56 common frames omitted
Caused by: java.lang.IllegalArgumentException: org.hibernate.query.SemanticException: Could not interpret path expression 'com.staynest.booking.entity.Booking.BookingStatus.CONFIRMED'
	at org.hibernate.internal.ExceptionConverterImpl.convert(ExceptionConverterImpl.java:143)
	at org.hibernate.internal.ExceptionConverterImpl.convert(ExceptionConverterImpl.java:167)
	at org.hibernate.internal.ExceptionConverterImpl.convert(ExceptionConverterImpl.java:173)
	at org.hibernate.internal.AbstractSharedSessionContract.createQuery(AbstractSharedSessionContract.java:802)
	at org.hibernate.internal.AbstractSharedSessionContract.createQuery(AbstractSharedSessionContract.java:707)
	at org.hibernate.internal.AbstractSharedSessionContract.createQuery(AbstractSharedSessionContract.java:132)
	at java.base/jdk.internal.reflect.NativeMethodAccessorImpl.invoke0(Native Method)
	at java.base/jdk.internal.reflect.NativeMethodAccessorImpl.invoke(NativeMethodAccessorImpl.java:77)
	at java.base/jdk.internal.reflect.DelegatingMethodAccessorImpl.invoke(DelegatingMethodAccessorImpl.java:43)
	at java.base/java.lang.reflect.Method.invoke(Method.java:568)
	at org.springframework.orm.jpa.ExtendedEntityManagerCreator$ExtendedEntityManagerInvocationHandler.invoke(ExtendedEntityManagerCreator.java:360)
	at jdk.proxy2/jdk.proxy2.$Proxy126.createQuery(Unknown Source)
	at org.springframework.data.jpa.repository.query.SimpleJpaQuery.validateQuery(SimpleJpaQuery.java:94)
	... 62 common frames omitted
Caused by: org.hibernate.query.SemanticException: Could not interpret path expression 'com.staynest.booking.entity.Booking.BookingStatus.CONFIRMED'
	at org.hibernate.query.hql.internal.BasicDotIdentifierConsumer$BaseLocalSequencePart.resolvePathPart(BasicDotIdentifierConsumer.java:255)
	at org.hibernate.query.hql.internal.BasicDotIdentifierConsumer.consumeIdentifier(BasicDotIdentifierConsumer.java:91)
	at org.hibernate.query.hql.internal.SemanticQueryBuilder.visitSimplePath(SemanticQueryBuilder.java:5010)
	at org.hibernate.query.hql.internal.SemanticQueryBuilder.visitIndexedPathAccessFragment(SemanticQueryBuilder.java:4959)
	at org.hibernate.query.hql.internal.SemanticQueryBuilder.visitGeneralPathFragment(SemanticQueryBuilder.java:4934)
	at org.hibernate.query.hql.internal.SemanticQueryBuilder.visitGeneralPathExpression(SemanticQueryBuilder.java:1775)
	at org.hibernate.grammars.hql.HqlParser$GeneralPathExpressionContext.accept(HqlParser.java:7571)
	at org.antlr.v4.runtime.tree.AbstractParseTreeVisitor.visitChildren(AbstractParseTreeVisitor.java:46)
	at org.hibernate.grammars.hql.HqlParserBaseVisitor.visitBarePrimaryExpression(HqlParserBaseVisitor.java:755)
	at org.hibernate.grammars.hql.HqlParser$BarePrimaryExpressionContext.accept(HqlParser.java:7045)
	at org.hibernate.query.hql.internal.SemanticQueryBuilder.visitInPredicate(SemanticQueryBuilder.java:2603)
	at org.hibernate.query.hql.internal.SemanticQueryBuilder.visitInPredicate(SemanticQueryBuilder.java:268)
	at org.hibernate.grammars.hql.HqlParser$InPredicateContext.accept(HqlParser.java:6046)
	at org.hibernate.query.hql.internal.SemanticQueryBuilder.visitAndPredicate(SemanticQueryBuilder.java:2261)
	at org.hibernate.query.hql.internal.SemanticQueryBuilder.visitAndPredicate(SemanticQueryBuilder.java:268)
	at org.hibernate.grammars.hql.HqlParser$AndPredicateContext.accept(HqlParser.java:5951)
	at org.hibernate.query.hql.internal.SemanticQueryBuilder.visitAndPredicate(SemanticQueryBuilder.java:2260)
	at org.hibernate.query.hql.internal.SemanticQueryBuilder.visitAndPredicate(SemanticQueryBuilder.java:268)
	at org.hibernate.grammars.hql.HqlParser$AndPredicateContext.accept(HqlParser.java:5951)
	at org.hibernate.query.hql.internal.SemanticQueryBuilder.visitAndPredicate(SemanticQueryBuilder.java:2260)
	at org.hibernate.query.hql.internal.SemanticQueryBuilder.visitAndPredicate(SemanticQueryBuilder.java:268)
	at org.hibernate.grammars.hql.HqlParser$AndPredicateContext.accept(HqlParser.java:5951)
	at org.hibernate.query.hql.internal.SemanticQueryBuilder.visitWhereClause(SemanticQueryBuilder.java:2243)
	at org.hibernate.query.hql.internal.SemanticQueryBuilder.visitWhereClause(SemanticQueryBuilder.java:268)
	at org.hibernate.grammars.hql.HqlParser$WhereClauseContext.accept(HqlParser.java:5822)
	at org.hibernate.query.hql.internal.SemanticQueryBuilder.visitQuery(SemanticQueryBuilder.java:1158)
	at org.hibernate.query.hql.internal.SemanticQueryBuilder.visitQuerySpecExpression(SemanticQueryBuilder.java:940)
	at org.hibernate.query.hql.internal.SemanticQueryBuilder.visitQuerySpecExpression(SemanticQueryBuilder.java:268)
	at org.hibernate.grammars.hql.HqlParser$QuerySpecExpressionContext.accept(HqlParser.java:1844)
	at org.hibernate.query.hql.internal.SemanticQueryBuilder.visitSimpleQueryGroup(SemanticQueryBuilder.java:925)
	at org.hibernate.query.hql.internal.SemanticQueryBuilder.visitSimpleQueryGroup(SemanticQueryBuilder.java:268)
	at org.hibernate.grammars.hql.HqlParser$SimpleQueryGroupContext.accept(HqlParser.java:1718)
	at org.hibernate.query.hql.internal.SemanticQueryBuilder.visitSelectStatement(SemanticQueryBuilder.java:442)
	at org.hibernate.query.hql.internal.SemanticQueryBuilder.visitStatement(SemanticQueryBuilder.java:401)
	at org.hibernate.query.hql.internal.SemanticQueryBuilder.buildSemanticModel(SemanticQueryBuilder.java:310)
	at org.hibernate.query.hql.internal.StandardHqlTranslator.translate(StandardHqlTranslator.java:71)
	at org.hibernate.query.internal.QueryInterpretationCacheStandardImpl.createHqlInterpretation(QueryInterpretationCacheStandardImpl.java:165)
	at org.hibernate.query.internal.QueryInterpretationCacheStandardImpl.resolveHqlInterpretation(QueryInterpretationCacheStandardImpl.java:147)
	at org.hibernate.internal.AbstractSharedSessionContract.interpretHql(AbstractSharedSessionContract.java:744)
	at org.hibernate.internal.AbstractSharedSessionContract.createQuery(AbstractSharedSessionContract.java:794)
	... 71 common frames omitted
2026-06-04 10:08:28.610 [main] INFO  c.s.booking.StayNestApplication - Starting StayNestApplication using Java 17.0.12 with PID 21648 (C:\Users\vikra.VIGNESHXBS-HP\eclipse-workspace\staynest-backend\target\classes started by vikra in C:\Users\vikra.VIGNESHXBS-HP\eclipse-workspace\staynest-backend)
2026-06-04 10:08:28.613 [main] DEBUG c.s.booking.StayNestApplication - Running with Spring Boot v3.2.0, Spring v6.1.1
2026-06-04 10:08:28.617 [main] INFO  c.s.booking.StayNestApplication - No active profile set, falling back to 1 default profile: "default"
2026-06-04 10:08:30.368 [main] INFO  o.s.d.r.c.RepositoryConfigurationDelegate - Bootstrapping Spring Data JPA repositories in DEFAULT mode.
2026-06-04 10:08:30.506 [main] INFO  o.s.d.r.c.RepositoryConfigurationDelegate - Finished Spring Data repository scanning in 115 ms. Found 5 JPA repository interfaces.
2026-06-04 10:08:31.576 [main] INFO  o.s.b.w.e.tomcat.TomcatWebServer - Tomcat initialized with port 8080 (http)
2026-06-04 10:08:31.596 [main] INFO  o.a.catalina.core.StandardService - Starting service [Tomcat]
2026-06-04 10:08:31.597 [main] INFO  o.a.catalina.core.StandardEngine - Starting Servlet engine: [Apache Tomcat/10.1.16]
2026-06-04 10:08:31.749 [main] INFO  o.a.c.c.C.[.[localhost].[/api/v1] - Initializing Spring embedded WebApplicationContext
2026-06-04 10:08:31.751 [main] INFO  o.s.b.w.s.c.ServletWebServerApplicationContext - Root WebApplicationContext: initialization completed in 3017 ms
2026-06-04 10:08:32.044 [main] INFO  o.h.jpa.internal.util.LogHelper - HHH000204: Processing PersistenceUnitInfo [name: default]
2026-06-04 10:08:32.176 [main] INFO  org.hibernate.Version - HHH000412: Hibernate ORM core version 6.3.1.Final
2026-06-04 10:08:32.262 [main] INFO  o.h.c.i.RegionFactoryInitiator - HHH000026: Second-level cache disabled
2026-06-04 10:08:32.706 [main] INFO  o.s.o.j.p.SpringPersistenceUnitInfo - No LoadTimeWeaver setup: ignoring JPA class transformer
2026-06-04 10:08:32.765 [main] INFO  com.zaxxer.hikari.HikariDataSource - HikariPool-1 - Starting...
2026-06-04 10:08:33.058 [main] INFO  com.zaxxer.hikari.pool.HikariPool - HikariPool-1 - Added connection com.mysql.cj.jdbc.ConnectionImpl@5f0d8937
2026-06-04 10:08:33.063 [main] INFO  com.zaxxer.hikari.HikariDataSource - HikariPool-1 - Start completed.
2026-06-04 10:08:33.149 [main] WARN  org.hibernate.orm.deprecation - HHH90000025: MySQLDialect does not need to be specified explicitly using 'hibernate.dialect' (remove the property setting and it will be selected by default)
2026-06-04 10:08:34.632 [main] INFO  o.h.e.t.j.p.i.JtaPlatformInitiator - HHH000489: No JTA platform available (set 'hibernate.transaction.jta.platform' to enable JTA platform integration)
2026-06-04 10:08:34.785 [main] INFO  o.s.o.j.LocalContainerEntityManagerFactoryBean - Initialized JPA EntityManagerFactory for persistence unit 'default'
2026-06-04 10:08:35.432 [main] INFO  o.s.d.j.r.query.QueryEnhancerFactory - Hibernate is in classpath; If applicable, HQL parser will be used.
2026-06-04 10:08:39.389 [main] INFO  o.s.b.w.e.tomcat.TomcatWebServer - Tomcat started on port 8080 (http) with context path '/api/v1'
2026-06-04 10:08:39.409 [main] INFO  c.s.booking.StayNestApplication - Started StayNestApplication in 11.913 seconds (process running for 12.723)
2026-06-04 10:11:36.188 [http-nio-8080-exec-2] INFO  o.a.c.c.C.[.[localhost].[/api/v1] - Initializing Spring DispatcherServlet 'dispatcherServlet'
2026-06-04 10:11:36.190 [http-nio-8080-exec-2] INFO  o.s.web.servlet.DispatcherServlet - Initializing Servlet 'dispatcherServlet'
2026-06-04 10:11:36.201 [http-nio-8080-exec-2] INFO  o.s.web.servlet.DispatcherServlet - Completed initialization in 10 ms
2026-06-04 10:11:36.677 [http-nio-8080-exec-2] INFO  c.s.booking.service.UserService - Attempting to register user with email: aarav.s@staynest.in
2026-06-04 10:11:36.923 [http-nio-8080-exec-2] DEBUG org.hibernate.SQL - 
    /* <criteria> */ select
        u1_0.id 
    from
        users u1_0 
    where
        u1_0.email=? 
    limit
        ?
2026-06-04 10:11:37.041 [http-nio-8080-exec-2] DEBUG org.hibernate.SQL - 
    /* insert for
        com.staynest.booking.entity.User */insert 
    into
        users (created_at, email, name, role) 
    values
        (?, ?, ?, ?)
2026-06-04 10:11:37.115 [http-nio-8080-exec-2] INFO  c.s.booking.service.UserService - User registered successfully with ID: 7
2026-06-04 10:12:48.757 [http-nio-8080-exec-5] INFO  c.s.booking.service.UserService - Attempting to register user with email: ananya.ir@staynest.in
2026-06-04 10:12:48.760 [http-nio-8080-exec-5] DEBUG org.hibernate.SQL - 
    /* <criteria> */ select
        u1_0.id 
    from
        users u1_0 
    where
        u1_0.email=? 
    limit
        ?
2026-06-04 10:12:48.763 [http-nio-8080-exec-5] DEBUG org.hibernate.SQL - 
    /* insert for
        com.staynest.booking.entity.User */insert 
    into
        users (created_at, email, name, role) 
    values
        (?, ?, ?, ?)
2026-06-04 10:12:48.766 [http-nio-8080-exec-5] INFO  c.s.booking.service.UserService - User registered successfully with ID: 8
2026-06-04 10:13:07.170 [http-nio-8080-exec-6] INFO  c.s.booking.service.UserService - Fetching user details for ID: 1
2026-06-04 10:13:07.210 [http-nio-8080-exec-6] DEBUG org.hibernate.SQL - 
    select
        u1_0.id,
        u1_0.created_at,
        u1_0.email,
        u1_0.name,
        u1_0.role 
    from
        users u1_0 
    where
        u1_0.id=?
2026-06-04 10:13:38.170 [http-nio-8080-exec-7] INFO  c.s.booking.service.PropertyService - Creating property listing: Ganga Heritage Homestay by Host: 2
2026-06-04 10:13:38.174 [http-nio-8080-exec-7] DEBUG org.hibernate.SQL - 
    select
        u1_0.id,
        u1_0.created_at,
        u1_0.email,
        u1_0.name,
        u1_0.role 
    from
        users u1_0 
    where
        u1_0.id=?
2026-06-04 10:13:38.212 [http-nio-8080-exec-7] DEBUG org.hibernate.SQL - 
    /* insert for
        com.staynest.booking.entity.Property */insert 
    into
        properties (created_at, description, host_id, location, price_per_night, title) 
    values
        (?, ?, ?, ?, ?, ?)
2026-06-04 10:13:38.221 [http-nio-8080-exec-7] INFO  c.s.booking.service.PropertyService - Property created successfully with ID: 6
2026-06-04 10:14:07.012 [http-nio-8080-exec-8] INFO  c.s.booking.service.PropertyService - Updating property ID: 1 by Host: 1
2026-06-04 10:14:07.017 [http-nio-8080-exec-8] DEBUG org.hibernate.SQL - 
    select
        p1_0.id,
        p1_0.created_at,
        p1_0.description,
        p1_0.host_id,
        p1_0.location,
        p1_0.price_per_night,
        p1_0.title 
    from
        properties p1_0 
    where
        p1_0.id=?
2026-06-04 10:14:07.044 [http-nio-8080-exec-8] INFO  c.s.booking.service.PropertyService - Property ID: 1 updated successfully
2026-06-04 10:14:07.060 [http-nio-8080-exec-8] DEBUG org.hibernate.SQL - 
    /* <criteria> */ select
        r1_0.id,
        r1_0.comment,
        r1_0.created_at,
        r1_0.guest_id,
        r1_0.property_id,
        r1_0.rating 
    from
        reviews r1_0 
    where
        r1_0.property_id=? 
    order by
        r1_0.created_at desc
2026-06-04 10:14:07.081 [http-nio-8080-exec-8] DEBUG org.hibernate.SQL - 
    select
        u1_0.id,
        u1_0.created_at,
        u1_0.email,
        u1_0.name,
        u1_0.role 
    from
        users u1_0 
    where
        u1_0.id=?
2026-06-04 10:14:07.107 [http-nio-8080-exec-8] DEBUG org.hibernate.SQL - 
    /* update
        for com.staynest.booking.entity.Property */update properties 
    set
        description=?,
        host_id=?,
        location=?,
        price_per_night=?,
        title=? 
    where
        id=?
2026-06-04 10:14:30.790 [http-nio-8080-exec-9] INFO  c.s.booking.service.PropertyService - Adding availability for property ID: 1 from 2026-06-01 to 2026-06-30
2026-06-04 10:14:30.792 [http-nio-8080-exec-9] DEBUG org.hibernate.SQL - 
    select
        p1_0.id,
        p1_0.created_at,
        p1_0.description,
        p1_0.host_id,
        p1_0.location,
        p1_0.price_per_night,
        p1_0.title 
    from
        properties p1_0 
    where
        p1_0.id=?
2026-06-04 10:14:30.805 [http-nio-8080-exec-9] DEBUG org.hibernate.SQL - 
    /* insert for
        com.staynest.booking.entity.PropertyAvailability */insert 
    into
        property_availabilities (available_from, available_to, property_id) 
    values
        (?, ?, ?)
2026-06-04 10:14:30.814 [http-nio-8080-exec-9] INFO  c.s.booking.service.PropertyService - Availability ID: 5 added successfully
2026-06-04 10:15:02.791 [http-nio-8080-exec-10] INFO  c.s.booking.service.PropertyService - Searching properties with parameters - Location: Goa, Price: [5000 - 25000], Min Rating: 4.0, Page: 0, Size: 10
2026-06-04 10:15:02.853 [http-nio-8080-exec-10] DEBUG org.hibernate.SQL - 
    /* SELECT
        p 
    FROM
        Property p 
    WHERE
        (
            :location IS NULL 
            OR LOWER(p.location) LIKE LOWER(CONCAT('%', :location, '%'))
        ) 
        AND (
            :minPrice IS NULL 
            OR p.pricePerNight >= :minPrice
        ) 
        AND (
            :maxPrice IS NULL 
            OR p.pricePerNight <= :maxPrice
        ) 
        AND (
            :minRating IS NULL 
            OR (
                SELECT
                    COALESCE(AVG(r.rating), 0.0) 
                FROM
                    Review r 
                WHERE
                    r.property.id = p.id
            ) >= :minRating
        ) */ select
            p1_0.id,
            p1_0.created_at,
            p1_0.description,
            p1_0.host_id,
            p1_0.location,
            p1_0.price_per_night,
            p1_0.title 
        from
            properties p1_0 
        where
            (
                ? is null 
                or lower(p1_0.location) like lower(concat('%', ?, '%')) escape ''
            ) 
            and (
                ? is null 
                or p1_0.price_per_night>=?
            ) 
            and (
                ? is null 
                or p1_0.price_per_night<=?
            ) 
            and (
                ? is null 
                or (
                    select
                        coalesce(avg(r1_0.rating), 0.0) 
                    from
                        reviews r1_0 
                    where
                        r1_0.property_id=p1_0.id
                )>=?
            ) 
        limit
            ?, ?
2026-06-04 10:15:02.891 [http-nio-8080-exec-10] DEBUG org.hibernate.SQL - 
    /* <criteria> */ select
        r1_0.id,
        r1_0.comment,
        r1_0.created_at,
        r1_0.guest_id,
        r1_0.property_id,
        r1_0.rating 
    from
        reviews r1_0 
    where
        r1_0.property_id=? 
    order by
        r1_0.created_at desc
2026-06-04 10:15:02.893 [http-nio-8080-exec-10] DEBUG org.hibernate.SQL - 
    select
        u1_0.id,
        u1_0.created_at,
        u1_0.email,
        u1_0.name,
        u1_0.role 
    from
        users u1_0 
    where
        u1_0.id=?
2026-06-04 10:15:52.777 [http-nio-8080-exec-1] INFO  c.s.booking.service.PropertyService - Fetching details for property ID: 1
2026-06-04 10:15:52.779 [http-nio-8080-exec-1] DEBUG org.hibernate.SQL - 
    select
        p1_0.id,
        p1_0.created_at,
        p1_0.description,
        p1_0.host_id,
        p1_0.location,
        p1_0.price_per_night,
        p1_0.title 
    from
        properties p1_0 
    where
        p1_0.id=?
2026-06-04 10:15:52.784 [http-nio-8080-exec-1] DEBUG org.hibernate.SQL - 
    /* <criteria> */ select
        pa1_0.id,
        pa1_0.available_from,
        pa1_0.available_to,
        pa1_0.property_id 
    from
        property_availabilities pa1_0 
    where
        pa1_0.property_id=?
2026-06-04 10:15:52.792 [http-nio-8080-exec-1] DEBUG org.hibernate.SQL - 
    /* <criteria> */ select
        r1_0.id,
        r1_0.comment,
        r1_0.created_at,
        r1_0.guest_id,
        r1_0.property_id,
        r1_0.rating 
    from
        reviews r1_0 
    where
        r1_0.property_id=? 
    order by
        r1_0.created_at desc
2026-06-04 10:15:52.795 [http-nio-8080-exec-1] DEBUG org.hibernate.SQL - 
    select
        u1_0.id,
        u1_0.created_at,
        u1_0.email,
        u1_0.name,
        u1_0.role 
    from
        users u1_0 
    where
        u1_0.id=?
2026-06-04 10:15:52.805 [http-nio-8080-exec-1] DEBUG org.hibernate.SQL - 
    select
        u1_0.id,
        u1_0.created_at,
        u1_0.email,
        u1_0.name,
        u1_0.role 
    from
        users u1_0 
    where
        u1_0.id=?
2026-06-04 10:16:35.823 [http-nio-8080-exec-2] INFO  c.s.booking.service.PropertyService - Fetching popular properties with limit: 5
2026-06-04 10:16:35.831 [http-nio-8080-exec-2] DEBUG org.hibernate.SQL - 
    /* SELECT
        p 
    FROM
        Property p 
    ORDER BY
        (SELECT
            COALESCE(AVG(r.rating), 0.0) 
        FROM
            Review r 
        WHERE
            r.property.id = p.id) DESC,
        (SELECT
            COUNT(b.id) 
        FROM
            Booking b 
        WHERE
            b.property.id = p.id) DESC */ select
            p1_0.id,
            p1_0.created_at,
            p1_0.description,
            p1_0.host_id,
            p1_0.location,
            p1_0.price_per_night,
            p1_0.title 
        from
            properties p1_0 
        order by
            (select
                coalesce(avg(r1_0.rating), 0.0) 
            from
                reviews r1_0 
            where
                r1_0.property_id=p1_0.id) desc,
            (select
                count(b1_0.id) 
            from
                bookings b1_0 
            where
                b1_0.property_id=p1_0.id) desc 
        limit
            ?, ?
2026-06-04 10:16:35.852 [http-nio-8080-exec-2] DEBUG org.hibernate.SQL - 
    /* <criteria> */ select
        r1_0.id,
        r1_0.comment,
        r1_0.created_at,
        r1_0.guest_id,
        r1_0.property_id,
        r1_0.rating 
    from
        reviews r1_0 
    where
        r1_0.property_id=? 
    order by
        r1_0.created_at desc
2026-06-04 10:16:35.855 [http-nio-8080-exec-2] DEBUG org.hibernate.SQL - 
    select
        u1_0.id,
        u1_0.created_at,
        u1_0.email,
        u1_0.name,
        u1_0.role 
    from
        users u1_0 
    where
        u1_0.id=?
2026-06-04 10:16:35.864 [http-nio-8080-exec-2] DEBUG org.hibernate.SQL - 
    /* <criteria> */ select
        r1_0.id,
        r1_0.comment,
        r1_0.created_at,
        r1_0.guest_id,
        r1_0.property_id,
        r1_0.rating 
    from
        reviews r1_0 
    where
        r1_0.property_id=? 
    order by
        r1_0.created_at desc
2026-06-04 10:16:35.867 [http-nio-8080-exec-2] DEBUG org.hibernate.SQL - 
    select
        u1_0.id,
        u1_0.created_at,
        u1_0.email,
        u1_0.name,
        u1_0.role 
    from
        users u1_0 
    where
        u1_0.id=?
2026-06-04 10:16:35.871 [http-nio-8080-exec-2] DEBUG org.hibernate.SQL - 
    /* <criteria> */ select
        r1_0.id,
        r1_0.comment,
        r1_0.created_at,
        r1_0.guest_id,
        r1_0.property_id,
        r1_0.rating 
    from
        reviews r1_0 
    where
        r1_0.property_id=? 
    order by
        r1_0.created_at desc
2026-06-04 10:16:35.874 [http-nio-8080-exec-2] DEBUG org.hibernate.SQL - 
    select
        u1_0.id,
        u1_0.created_at,
        u1_0.email,
        u1_0.name,
        u1_0.role 
    from
        users u1_0 
    where
        u1_0.id=?
2026-06-04 10:16:35.882 [http-nio-8080-exec-2] DEBUG org.hibernate.SQL - 
    /* <criteria> */ select
        r1_0.id,
        r1_0.comment,
        r1_0.created_at,
        r1_0.guest_id,
        r1_0.property_id,
        r1_0.rating 
    from
        reviews r1_0 
    where
        r1_0.property_id=? 
    order by
        r1_0.created_at desc
2026-06-04 10:16:35.886 [http-nio-8080-exec-2] DEBUG org.hibernate.SQL - 
    /* <criteria> */ select
        r1_0.id,
        r1_0.comment,
        r1_0.created_at,
        r1_0.guest_id,
        r1_0.property_id,
        r1_0.rating 
    from
        reviews r1_0 
    where
        r1_0.property_id=? 
    order by
        r1_0.created_at desc
2026-06-04 10:17:33.536 [http-nio-8080-exec-3] INFO  c.s.booking.service.PropertyService - Fetching bookings for property ID: 1 for Host ID: 1
2026-06-04 10:17:33.537 [http-nio-8080-exec-3] DEBUG org.hibernate.SQL - 
    select
        p1_0.id,
        p1_0.created_at,
        p1_0.description,
        p1_0.host_id,
        p1_0.location,
        p1_0.price_per_night,
        p1_0.title 
    from
        properties p1_0 
    where
        p1_0.id=?
2026-06-04 10:17:33.543 [http-nio-8080-exec-3] DEBUG org.hibernate.SQL - 
    /* <criteria> */ select
        b1_0.id,
        b1_0.created_at,
        b1_0.end_date,
        b1_0.guest_id,
        b1_0.property_id,
        b1_0.start_date,
        b1_0.status,
        b1_0.total_price 
    from
        bookings b1_0 
    where
        b1_0.property_id=? 
    order by
        b1_0.start_date desc
2026-06-04 10:17:33.558 [http-nio-8080-exec-3] DEBUG org.hibernate.SQL - 
    select
        u1_0.id,
        u1_0.created_at,
        u1_0.email,
        u1_0.name,
        u1_0.role 
    from
        users u1_0 
    where
        u1_0.id=?
2026-06-04 10:17:33.560 [http-nio-8080-exec-3] DEBUG org.hibernate.SQL - 
    select
        u1_0.id,
        u1_0.created_at,
        u1_0.email,
        u1_0.name,
        u1_0.role 
    from
        users u1_0 
    where
        u1_0.id=?
2026-06-04 10:18:01.438 [http-nio-8080-exec-4] INFO  c.s.booking.service.PropertyService - Calculating statistics for property ID: 1 for Host ID: 1
2026-06-04 10:18:01.439 [http-nio-8080-exec-4] DEBUG org.hibernate.SQL - 
    select
        p1_0.id,
        p1_0.created_at,
        p1_0.description,
        p1_0.host_id,
        p1_0.location,
        p1_0.price_per_night,
        p1_0.title 
    from
        properties p1_0 
    where
        p1_0.id=?
2026-06-04 10:18:01.448 [http-nio-8080-exec-4] DEBUG org.hibernate.SQL - 
    /* <criteria> */ select
        b1_0.id,
        b1_0.created_at,
        b1_0.end_date,
        b1_0.guest_id,
        b1_0.property_id,
        b1_0.start_date,
        b1_0.status,
        b1_0.total_price 
    from
        bookings b1_0 
    where
        b1_0.property_id=? 
    order by
        b1_0.start_date desc
2026-06-04 10:18:01.456 [http-nio-8080-exec-4] DEBUG org.hibernate.SQL - 
    /* <criteria> */ select
        r1_0.id,
        r1_0.comment,
        r1_0.created_at,
        r1_0.guest_id,
        r1_0.property_id,
        r1_0.rating 
    from
        reviews r1_0 
    where
        r1_0.property_id=? 
    order by
        r1_0.created_at desc
2026-06-04 10:18:38.756 [http-nio-8080-exec-5] INFO  c.s.booking.service.BookingService - Creating booking for Property ID: 1 by Guest ID: 4
2026-06-04 10:18:38.757 [http-nio-8080-exec-5] DEBUG org.hibernate.SQL - 
    select
        u1_0.id,
        u1_0.created_at,
        u1_0.email,
        u1_0.name,
        u1_0.role 
    from
        users u1_0 
    where
        u1_0.id=?
2026-06-04 10:18:38.780 [http-nio-8080-exec-5] DEBUG org.hibernate.SQL - 
    /* SELECT
        p 
    FROM
        Property p 
    WHERE
        p.id = :id */ select
            p1_0.id,
            p1_0.created_at,
            p1_0.description,
            p1_0.host_id,
            p1_0.location,
            p1_0.price_per_night,
            p1_0.title 
        from
            properties p1_0 
        where
            p1_0.id=? for update
2026-06-04 10:18:38.791 [http-nio-8080-exec-5] DEBUG org.hibernate.SQL - 
    /* SELECT
        pa 
    FROM
        PropertyAvailability pa 
    WHERE
        pa.property.id = :propertyId 
        AND pa.availableFrom <= :startDate 
        AND pa.availableTo >= :endDate */ select
            pa1_0.id,
            pa1_0.available_from,
            pa1_0.available_to,
            pa1_0.property_id 
        from
            property_availabilities pa1_0 
        where
            pa1_0.property_id=? 
            and pa1_0.available_from<=? 
            and pa1_0.available_to>=?
2026-06-04 10:18:38.810 [http-nio-8080-exec-5] DEBUG org.hibernate.SQL - 
    /* SELECT
        b 
    FROM
        Booking b 
    WHERE
        b.property.id = :propertyId 
        AND b.status IN :statuses 
        AND b.startDate < :endDate 
        AND b.endDate > :startDate */ select
            b1_0.id,
            b1_0.created_at,
            b1_0.end_date,
            b1_0.guest_id,
            b1_0.property_id,
            b1_0.start_date,
            b1_0.status,
            b1_0.total_price 
        from
            bookings b1_0 
        where
            b1_0.property_id=? 
            and b1_0.status in (?, ?) 
            and b1_0.start_date<? 
            and b1_0.end_date>?
2026-06-04 10:18:38.823 [http-nio-8080-exec-5] DEBUG org.hibernate.SQL - 
    /* insert for
        com.staynest.booking.entity.Booking */insert 
    into
        bookings (created_at, end_date, guest_id, property_id, start_date, status, total_price) 
    values
        (?, ?, ?, ?, ?, ?, ?)
2026-06-04 10:18:38.835 [http-nio-8080-exec-5] INFO  c.s.booking.service.BookingService - Booking created and CONFIRMED with ID: 4, Total Price: INR 87500.00
2026-06-04 10:19:03.751 [http-nio-8080-exec-6] INFO  c.s.booking.service.BookingService - Creating booking for Property ID: 1 by Guest ID: 6
2026-06-04 10:19:03.753 [http-nio-8080-exec-6] DEBUG org.hibernate.SQL - 
    select
        u1_0.id,
        u1_0.created_at,
        u1_0.email,
        u1_0.name,
        u1_0.role 
    from
        users u1_0 
    where
        u1_0.id=?
2026-06-04 10:19:03.760 [http-nio-8080-exec-6] DEBUG org.hibernate.SQL - 
    /* SELECT
        p 
    FROM
        Property p 
    WHERE
        p.id = :id */ select
            p1_0.id,
            p1_0.created_at,
            p1_0.description,
            p1_0.host_id,
            p1_0.location,
            p1_0.price_per_night,
            p1_0.title 
        from
            properties p1_0 
        where
            p1_0.id=? for update
2026-06-04 10:19:03.768 [http-nio-8080-exec-6] DEBUG org.hibernate.SQL - 
    /* SELECT
        pa 
    FROM
        PropertyAvailability pa 
    WHERE
        pa.property.id = :propertyId 
        AND pa.availableFrom <= :startDate 
        AND pa.availableTo >= :endDate */ select
            pa1_0.id,
            pa1_0.available_from,
            pa1_0.available_to,
            pa1_0.property_id 
        from
            property_availabilities pa1_0 
        where
            pa1_0.property_id=? 
            and pa1_0.available_from<=? 
            and pa1_0.available_to>=?
2026-06-04 10:19:03.779 [http-nio-8080-exec-6] DEBUG org.hibernate.SQL - 
    /* SELECT
        b 
    FROM
        Booking b 
    WHERE
        b.property.id = :propertyId 
        AND b.status IN :statuses 
        AND b.startDate < :endDate 
        AND b.endDate > :startDate */ select
            b1_0.id,
            b1_0.created_at,
            b1_0.end_date,
            b1_0.guest_id,
            b1_0.property_id,
            b1_0.start_date,
            b1_0.status,
            b1_0.total_price 
        from
            bookings b1_0 
        where
            b1_0.property_id=? 
            and b1_0.status in (?, ?) 
            and b1_0.start_date<? 
            and b1_0.end_date>?
2026-06-04 10:19:03.785 [http-nio-8080-exec-6] WARN  c.s.booking.service.BookingService - Booking failed: Property 1 has overlapping active bookings in range 2026-06-12 to 2026-06-18
2026-06-04 10:19:03.808 [http-nio-8080-exec-6] WARN  c.s.b.c.GlobalExceptionHandler - Booking conflict: Property is already booked for the selected dates
2026-06-04 10:19:41.557 [http-nio-8080-exec-7] INFO  c.s.booking.service.BookingService - Attempting to cancel booking ID: 2 by User ID: 4
2026-06-04 10:19:41.559 [http-nio-8080-exec-7] DEBUG org.hibernate.SQL - 
    select
        b1_0.id,
        b1_0.created_at,
        b1_0.end_date,
        b1_0.guest_id,
        b1_0.property_id,
        b1_0.start_date,
        b1_0.status,
        b1_0.total_price 
    from
        bookings b1_0 
    where
        b1_0.id=?
2026-06-04 10:19:41.563 [http-nio-8080-exec-7] DEBUG org.hibernate.SQL - 
    select
        p1_0.id,
        p1_0.created_at,
        p1_0.description,
        p1_0.host_id,
        p1_0.location,
        p1_0.price_per_night,
        p1_0.title 
    from
        properties p1_0 
    where
        p1_0.id=?
2026-06-04 10:19:41.566 [http-nio-8080-exec-7] INFO  c.s.booking.service.BookingService - Booking ID: 2 has been CANCELLED
2026-06-04 10:19:41.567 [http-nio-8080-exec-7] DEBUG org.hibernate.SQL - 
    select
        u1_0.id,
        u1_0.created_at,
        u1_0.email,
        u1_0.name,
        u1_0.role 
    from
        users u1_0 
    where
        u1_0.id=?
2026-06-04 10:19:41.572 [http-nio-8080-exec-7] DEBUG org.hibernate.SQL - 
    /* update
        for com.staynest.booking.entity.Booking */update bookings 
    set
        end_date=?,
        guest_id=?,
        property_id=?,
        start_date=?,
        status=?,
        total_price=? 
    where
        id=?
2026-06-04 10:20:09.468 [http-nio-8080-exec-8] INFO  c.s.booking.service.BookingService - Completing booking ID: 1
2026-06-04 10:20:09.469 [http-nio-8080-exec-8] DEBUG org.hibernate.SQL - 
    select
        b1_0.id,
        b1_0.created_at,
        b1_0.end_date,
        b1_0.guest_id,
        b1_0.property_id,
        b1_0.start_date,
        b1_0.status,
        b1_0.total_price 
    from
        bookings b1_0 
    where
        b1_0.id=?
2026-06-04 10:20:09.475 [http-nio-8080-exec-8] WARN  c.s.b.c.GlobalExceptionHandler - Bad request: Only confirmed bookings can be completed
2026-06-04 10:20:38.129 [http-nio-8080-exec-10] INFO  c.s.booking.service.BookingService - Fetching booking history for User ID: 4
2026-06-04 10:20:38.130 [http-nio-8080-exec-10] DEBUG org.hibernate.SQL - 
    select
        u1_0.id,
        u1_0.created_at,
        u1_0.email,
        u1_0.name,
        u1_0.role 
    from
        users u1_0 
    where
        u1_0.id=?
2026-06-04 10:20:38.138 [http-nio-8080-exec-10] DEBUG org.hibernate.SQL - 
    /* <criteria> */ select
        b1_0.id,
        b1_0.created_at,
        b1_0.end_date,
        b1_0.guest_id,
        b1_0.property_id,
        b1_0.start_date,
        b1_0.status,
        b1_0.total_price 
    from
        bookings b1_0 
    where
        b1_0.guest_id=? 
    order by
        b1_0.created_at desc
2026-06-04 10:20:38.143 [http-nio-8080-exec-10] DEBUG org.hibernate.SQL - 
    select
        p1_0.id,
        p1_0.created_at,
        p1_0.description,
        p1_0.host_id,
        p1_0.location,
        p1_0.price_per_night,
        p1_0.title 
    from
        properties p1_0 
    where
        p1_0.id=?
2026-06-04 10:20:38.149 [http-nio-8080-exec-10] DEBUG org.hibernate.SQL - 
    select
        p1_0.id,
        p1_0.created_at,
        p1_0.description,
        p1_0.host_id,
        p1_0.location,
        p1_0.price_per_night,
        p1_0.title 
    from
        properties p1_0 
    where
        p1_0.id=?
2026-06-04 10:21:08.006 [http-nio-8080-exec-1] INFO  c.s.booking.service.ReviewService - Adding review for Property ID: 1 by Guest ID: 5
2026-06-04 10:21:08.007 [http-nio-8080-exec-1] DEBUG org.hibernate.SQL - 
    select
        u1_0.id,
        u1_0.created_at,
        u1_0.email,
        u1_0.name,
        u1_0.role 
    from
        users u1_0 
    where
        u1_0.id=?
2026-06-04 10:21:08.010 [http-nio-8080-exec-1] DEBUG org.hibernate.SQL - 
    select
        p1_0.id,
        p1_0.created_at,
        p1_0.description,
        p1_0.host_id,
        p1_0.location,
        p1_0.price_per_night,
        p1_0.title 
    from
        properties p1_0 
    where
        p1_0.id=?
2026-06-04 10:21:08.018 [http-nio-8080-exec-1] DEBUG org.hibernate.SQL - 
    /* <criteria> */ select
        b1_0.id 
    from
        bookings b1_0 
    where
        b1_0.property_id=? 
        and b1_0.guest_id=? 
        and b1_0.status=? 
    limit
        ?
2026-06-04 10:21:08.026 [http-nio-8080-exec-1] DEBUG org.hibernate.SQL - 
    /* <criteria> */ select
        r1_0.id 
    from
        reviews r1_0 
    where
        r1_0.property_id=? 
        and r1_0.guest_id=? 
    limit
        ?
2026-06-04 10:21:08.031 [http-nio-8080-exec-1] WARN  c.s.b.c.GlobalExceptionHandler - Bad request: You have already reviewed this property
2026-06-04 10:22:05.391 [http-nio-8080-exec-3] INFO  c.s.booking.service.ReviewService - Adding review for Property ID: 1 by Guest ID: 4
2026-06-04 10:22:05.392 [http-nio-8080-exec-3] DEBUG org.hibernate.SQL - 
    select
        u1_0.id,
        u1_0.created_at,
        u1_0.email,
        u1_0.name,
        u1_0.role 
    from
        users u1_0 
    where
        u1_0.id=?
2026-06-04 10:22:05.396 [http-nio-8080-exec-3] DEBUG org.hibernate.SQL - 
    select
        p1_0.id,
        p1_0.created_at,
        p1_0.description,
        p1_0.host_id,
        p1_0.location,
        p1_0.price_per_night,
        p1_0.title 
    from
        properties p1_0 
    where
        p1_0.id=?
2026-06-04 10:22:05.400 [http-nio-8080-exec-3] DEBUG org.hibernate.SQL - 
    /* <criteria> */ select
        b1_0.id 
    from
        bookings b1_0 
    where
        b1_0.property_id=? 
        and b1_0.guest_id=? 
        and b1_0.status=? 
    limit
        ?
2026-06-04 10:22:05.403 [http-nio-8080-exec-3] WARN  c.s.booking.service.ReviewService - Review submission rejected: Guest 4 has no COMPLETED booking for property 1
2026-06-04 10:22:05.405 [http-nio-8080-exec-3] WARN  c.s.b.c.GlobalExceptionHandler - Bad request: You can only review properties where you have a completed stay
2026-06-04 10:22:14.982 [http-nio-8080-exec-5] INFO  c.s.booking.service.ReviewService - Adding review for Property ID: 2 by Guest ID: 4
2026-06-04 10:22:14.983 [http-nio-8080-exec-5] DEBUG org.hibernate.SQL - 
    select
        u1_0.id,
        u1_0.created_at,
        u1_0.email,
        u1_0.name,
        u1_0.role 
    from
        users u1_0 
    where
        u1_0.id=?
2026-06-04 10:22:14.985 [http-nio-8080-exec-5] DEBUG org.hibernate.SQL - 
    select
        p1_0.id,
        p1_0.created_at,
        p1_0.description,
        p1_0.host_id,
        p1_0.location,
        p1_0.price_per_night,
        p1_0.title 
    from
        properties p1_0 
    where
        p1_0.id=?
2026-06-04 10:22:14.991 [http-nio-8080-exec-5] DEBUG org.hibernate.SQL - 
    /* <criteria> */ select
        b1_0.id 
    from
        bookings b1_0 
    where
        b1_0.property_id=? 
        and b1_0.guest_id=? 
        and b1_0.status=? 
    limit
        ?
2026-06-04 10:22:14.993 [http-nio-8080-exec-5] WARN  c.s.booking.service.ReviewService - Review submission rejected: Guest 4 has no COMPLETED booking for property 2
2026-06-04 10:22:14.996 [http-nio-8080-exec-5] WARN  c.s.b.c.GlobalExceptionHandler - Bad request: You can only review properties where you have a completed stay
2026-06-04 10:22:28.889 [http-nio-8080-exec-7] WARN  c.s.b.c.GlobalExceptionHandler - Validation failed for request
2026-06-04 10:23:22.317 [http-nio-8080-exec-9] INFO  c.s.booking.service.ReviewService - Adding review for Property ID: 1 by Guest ID: 5
2026-06-04 10:23:22.318 [http-nio-8080-exec-9] DEBUG org.hibernate.SQL - 
    select
        u1_0.id,
        u1_0.created_at,
        u1_0.email,
        u1_0.name,
        u1_0.role 
    from
        users u1_0 
    where
        u1_0.id=?
2026-06-04 10:23:22.322 [http-nio-8080-exec-9] DEBUG org.hibernate.SQL - 
    select
        p1_0.id,
        p1_0.created_at,
        p1_0.description,
        p1_0.host_id,
        p1_0.location,
        p1_0.price_per_night,
        p1_0.title 
    from
        properties p1_0 
    where
        p1_0.id=?
2026-06-04 10:23:22.327 [http-nio-8080-exec-9] DEBUG org.hibernate.SQL - 
    /* <criteria> */ select
        b1_0.id 
    from
        bookings b1_0 
    where
        b1_0.property_id=? 
        and b1_0.guest_id=? 
        and b1_0.status=? 
    limit
        ?
2026-06-04 10:23:22.335 [http-nio-8080-exec-9] DEBUG org.hibernate.SQL - 
    /* <criteria> */ select
        r1_0.id 
    from
        reviews r1_0 
    where
        r1_0.property_id=? 
        and r1_0.guest_id=? 
    limit
        ?
2026-06-04 10:23:22.338 [http-nio-8080-exec-9] WARN  c.s.b.c.GlobalExceptionHandler - Bad request: You have already reviewed this property
2026-06-04 14:29:44.152 [main] INFO  c.s.booking.StayNestApplication - Starting StayNestApplication using Java 17.0.12 with PID 27612 (C:\Users\vikra.VIGNESHXBS-HP\eclipse-workspace\staynest-backend\target\classes started by vikra in C:\Users\vikra.VIGNESHXBS-HP\eclipse-workspace\staynest-backend)
2026-06-04 14:29:44.157 [main] DEBUG c.s.booking.StayNestApplication - Running with Spring Boot v3.2.0, Spring v6.1.1
2026-06-04 14:29:44.162 [main] INFO  c.s.booking.StayNestApplication - No active profile set, falling back to 1 default profile: "default"
2026-06-04 14:29:46.273 [main] INFO  o.s.d.r.c.RepositoryConfigurationDelegate - Bootstrapping Spring Data JPA repositories in DEFAULT mode.
2026-06-04 14:29:46.433 [main] INFO  o.s.d.r.c.RepositoryConfigurationDelegate - Finished Spring Data repository scanning in 136 ms. Found 5 JPA repository interfaces.
2026-06-04 14:29:47.627 [main] INFO  o.s.b.w.e.tomcat.TomcatWebServer - Tomcat initialized with port 8080 (http)
2026-06-04 14:29:47.645 [main] INFO  o.a.catalina.core.StandardService - Starting service [Tomcat]
2026-06-04 14:29:47.647 [main] INFO  o.a.catalina.core.StandardEngine - Starting Servlet engine: [Apache Tomcat/10.1.16]
2026-06-04 14:29:47.796 [main] INFO  o.a.c.c.C.[.[localhost].[/api/v1] - Initializing Spring embedded WebApplicationContext
2026-06-04 14:29:47.798 [main] INFO  o.s.b.w.s.c.ServletWebServerApplicationContext - Root WebApplicationContext: initialization completed in 3515 ms
2026-06-04 14:29:48.066 [main] INFO  o.h.jpa.internal.util.LogHelper - HHH000204: Processing PersistenceUnitInfo [name: default]
2026-06-04 14:29:48.196 [main] INFO  org.hibernate.Version - HHH000412: Hibernate ORM core version 6.3.1.Final
2026-06-04 14:29:48.290 [main] INFO  o.h.c.i.RegionFactoryInitiator - HHH000026: Second-level cache disabled
2026-06-04 14:29:48.886 [main] INFO  o.s.o.j.p.SpringPersistenceUnitInfo - No LoadTimeWeaver setup: ignoring JPA class transformer
2026-06-04 14:29:48.982 [main] INFO  com.zaxxer.hikari.HikariDataSource - HikariPool-1 - Starting...
2026-06-04 14:29:49.653 [main] INFO  com.zaxxer.hikari.pool.HikariPool - HikariPool-1 - Added connection com.mysql.cj.jdbc.ConnectionImpl@23469199
2026-06-04 14:29:49.660 [main] INFO  com.zaxxer.hikari.HikariDataSource - HikariPool-1 - Start completed.
2026-06-04 14:29:49.787 [main] WARN  org.hibernate.orm.deprecation - HHH90000025: MySQLDialect does not need to be specified explicitly using 'hibernate.dialect' (remove the property setting and it will be selected by default)
2026-06-04 14:29:52.097 [main] INFO  o.h.e.t.j.p.i.JtaPlatformInitiator - HHH000489: No JTA platform available (set 'hibernate.transaction.jta.platform' to enable JTA platform integration)
2026-06-04 14:29:52.258 [main] INFO  o.s.o.j.LocalContainerEntityManagerFactoryBean - Initialized JPA EntityManagerFactory for persistence unit 'default'
2026-06-04 14:29:53.083 [main] INFO  o.s.d.j.r.query.QueryEnhancerFactory - Hibernate is in classpath; If applicable, HQL parser will be used.
2026-06-04 14:29:57.159 [main] INFO  o.s.b.w.e.tomcat.TomcatWebServer - Tomcat started on port 8080 (http) with context path '/api/v1'
2026-06-04 14:29:57.178 [main] INFO  c.s.booking.StayNestApplication - Started StayNestApplication in 14.146 seconds (process running for 15.001)
2026-06-04 14:30:07.760 [http-nio-8080-exec-1] INFO  o.a.c.c.C.[.[localhost].[/api/v1] - Initializing Spring DispatcherServlet 'dispatcherServlet'
2026-06-04 14:30:07.762 [http-nio-8080-exec-1] INFO  o.s.web.servlet.DispatcherServlet - Initializing Servlet 'dispatcherServlet'
2026-06-04 14:30:07.764 [http-nio-8080-exec-1] INFO  o.s.web.servlet.DispatcherServlet - Completed initialization in 2 ms
2026-06-04 14:30:11.566 [http-nio-8080-exec-6] INFO  o.s.api.AbstractOpenApiResource - Init duration for springdoc-openapi is: 1536 ms
